../Core/Src/main.c:98:6:kuwahara_filter	232	static
../Core/Src/main.c:214:13:uart_send_str	24	static
../Core/Src/main.c:224:12:uart_wait_token	40	static
../Core/Src/main.c:256:5:receive_line_uart	40	static
../Core/Src/main.c:298:6:process_and_send_lines	768	static
../Core/Src/main.c:413:5:main	24	static
../Core/Src/main.c:526:6:SystemClock_Config	80	static
../Core/Src/main.c:564:13:MX_USART2_UART_Init	8	static
../Core/Src/main.c:598:13:MX_GPIO_Init	48	static
../Core/Src/main.c:637:5:__io_putchar	24	static
../Core/Src/main.c:654:6:Error_Handler	8	static,ignoring_inline_asm
