../Core/Src/main.c:98:6:kuwahara_filter	232	static
../Core/Src/main.c:214:13:uart_send_str	24	static
../Core/Src/main.c:224:12:uart_wait_token	40	static
../Core/Src/main.c:255:5:receive_line_uart	40	static
../Core/Src/main.c:298:6:kuwahara_filter_buffered	248	static
../Core/Src/main.c:410:5:main	24	static
../Core/Src/main.c:519:6:SystemClock_Config	80	static
../Core/Src/main.c:557:13:MX_USART2_UART_Init	8	static
../Core/Src/main.c:591:13:MX_GPIO_Init	48	static
../Core/Src/main.c:630:5:__io_putchar	24	static
../Core/Src/main.c:647:6:Error_Handler	8	static,ignoring_inline_asm
